// Jest Snapshot v1, https://goo.gl/fbAQLP

exports[`Widget config parse selectors getColors return the colors using the default ramp 1`] = `undefined`;

exports[`Widget config parse selectors getColors return the colors using the default ramp when chart type is sentence 1`] = `undefined`;

exports[`Widget config parse selectors getColors returns the pie legend colors if the chartType is pie 1`] = `
Array [
  Object {
    "color": "#c2e699",
    "label": "Company commitment",
  },
  Object {
    "color": "#e36845",
    "label": "None",
  },
  Object {
    "color": "#1d6837",
    "label": "Soy Moratorium",
  },
]
`;

exports[`Widget config parse selectors getColors returns the zero deforestation commitment colors 1`] = `
Array [
  Object {
    "color": "#c2e699",
    "label": "Company commitment",
  },
  Object {
    "color": "#e36845",
    "label": "None",
  },
  Object {
    "color": "#1d6837",
    "label": "Soy Moratorium",
  },
]
`;

exports[`Widget config parse selectors getYKeys returns the default YKeys if there is no meta 1`] = `
Object {
  "bars": null,
}
`;

exports[`Widget config parse selectors getYKeys returns the default yKeys when parsing horizontal charts 1`] = `undefined`;

exports[`Widget config parse selectors getYKeys returns the parsed YKeys 1`] = `
Object {
  "bars": Object {
    "x0": Object {
      "fill": "#c2e699",
      "interval": "preserveStartEnd",
      "stroke": "#c2e699",
    },
    "x1": Object {
      "fill": "#e36845",
      "interval": "preserveStartEnd",
      "stroke": "#e36845",
    },
    "x2": Object {
      "fill": "#1d6837",
      "interval": "preserveStartEnd",
      "stroke": "#1d6837",
    },
    "y": Object {
      "fill": "#007d29",
      "interval": "preserveStartEnd",
      "stroke": "#007d29",
    },
  },
}
`;

exports[`Widget config parse selectors makeGetConfig Parses the config with recolor by 1`] = `
Object {
  "cartesianGrid": Object {
    "strokeDasharray": "5 5",
    "vertical": false,
  },
  "colors": Array [
    Object {
      "color": "#c2e699",
      "label": "Company commitment",
    },
    Object {
      "color": "#e36845",
      "label": "None",
    },
    Object {
      "color": "#1d6837",
      "label": "Soy Moratorium",
    },
  ],
  "dashboardMeta": Object {
    "context": Object {
      "commodityId": 1,
      "commodityName": "SOY",
      "countryId": 27,
      "countryName": "BRAZIL",
      "defaultYear": 2017,
      "id": 1,
      "isDefault": true,
      "recolorBy": Array [
        Object {
          "attributeId": 1,
          "label": "Zero Deforestation Commitment (Exporter)",
          "legendColorTheme": "thematic",
          "legendType": "qual",
          "type": "qual",
        },
      ],
    },
  },
  "layout": "vertical",
  "parse": true,
  "tooltip": Object {
    "content": null,
    "cursor": Object {
      "opacity": 0,
    },
  },
  "type": "bar",
  "xAxis": Object {
    "axisLine": false,
    "interval": "preserveStartEnd",
    "tick": Object {
      "fill": "#ffffff",
      "fontFamily": "DecimaMonoPro",
      "fontSize": 14,
    },
    "tickLine": false,
    "type": "number",
  },
  "xAxisLabel": Object {
    "suffix": "t",
    "text": "Trade volume",
  },
  "xKeys": Object {
    "bars": Object {
      "x0": Object {
        "barSize": 10,
        "fill": "#c2e699",
        "interval": "preserveStartEnd",
        "stroke": "#c2e699",
      },
      "x1": Object {
        "barSize": 10,
        "fill": "#e36845",
        "interval": "preserveStartEnd",
        "stroke": "#e36845",
      },
      "x2": Object {
        "barSize": 10,
        "fill": "#1d6837",
        "interval": "preserveStartEnd",
        "stroke": "#1d6837",
      },
    },
  },
  "xKeysAttributes": Object {
    "bars": Object {
      "barSize": 10,
      "interval": "preserveStartEnd",
    },
  },
  "yAxis": Object {
    "axisLine": false,
    "domain": Array [
      0,
      "auto",
    ],
    "interval": 0,
    "tick": Object {
      "fill": "#ffffff",
      "fontFamily": "DecimaMonoPro",
      "fontSize": 14,
      "interval": 2,
      "tickCount": 2,
    },
    "tickFormatter": [Function],
    "type": "category",
  },
  "yAxisLabel": Object {
    "suffix": "",
    "text": "LOGISTICS HUB",
  },
  "yKey": "y",
  "yKeys": undefined,
}
`;

exports[`Widget config parse selectors makeGetConfig Parses the config without recolor by 1`] = `
Object {
  "cartesianGrid": Object {
    "strokeDasharray": "5 5",
    "vertical": false,
  },
  "colors": Array [
    Object {
      "color": "#c2e699",
      "label": "Company commitment",
    },
    Object {
      "color": "#e36845",
      "label": "None",
    },
    Object {
      "color": "#1d6837",
      "label": "Soy Moratorium",
    },
  ],
  "dashboardMeta": Object {
    "context": Object {
      "commodityId": 1,
      "commodityName": "SOY",
      "countryId": 27,
      "countryName": "BRAZIL",
      "defaultYear": 2017,
      "id": 1,
      "isDefault": true,
      "recolorBy": Array [
        Object {
          "attributeId": 1,
          "label": "Zero Deforestation Commitment (Exporter)",
          "legendColorTheme": "thematic",
          "legendType": "qual",
          "type": "qual",
        },
      ],
    },
  },
  "layout": "vertical",
  "parse": true,
  "tooltip": Object {
    "content": null,
    "cursor": Object {
      "opacity": 0,
    },
  },
  "type": "bar",
  "xAxis": Object {
    "axisLine": false,
    "interval": "preserveStartEnd",
    "tick": Object {
      "fill": "#ffffff",
      "fontFamily": "DecimaMonoPro",
      "fontSize": 14,
    },
    "tickLine": false,
    "type": "number",
  },
  "xAxisLabel": Object {
    "suffix": "t",
    "text": "Trade volume",
  },
  "xKeys": Object {
    "bars": Object {
      "x0": Object {
        "barSize": 10,
        "fill": "#c2e699",
        "interval": "preserveStartEnd",
        "stroke": "#c2e699",
      },
      "x1": Object {
        "barSize": 10,
        "fill": "#e36845",
        "interval": "preserveStartEnd",
        "stroke": "#e36845",
      },
      "x2": Object {
        "barSize": 10,
        "fill": "#1d6837",
        "interval": "preserveStartEnd",
        "stroke": "#1d6837",
      },
    },
  },
  "xKeysAttributes": Object {
    "bars": Object {
      "barSize": 10,
      "interval": "preserveStartEnd",
    },
  },
  "yAxis": Object {
    "axisLine": false,
    "domain": Array [
      0,
      "auto",
    ],
    "interval": 0,
    "tick": Object {
      "fill": "#ffffff",
      "fontFamily": "DecimaMonoPro",
      "fontSize": 14,
      "interval": 2,
      "tickCount": 2,
    },
    "tickFormatter": [Function],
    "type": "category",
  },
  "yAxisLabel": Object {
    "suffix": "",
    "text": "LOGISTICS HUB",
  },
  "yKey": "y",
  "yKeys": undefined,
}
`;
